[    2880ms] [ERROR] Failed to load resource: net::ERR_CONNECTION_CLOSED @ https://ad.doubleclick.net/ccm/s/collect?auid=1989585525.1784134049&gtm=45E92e67d1v9194996250za204zd9194996250xea:0
[    3368ms] [ERROR] Failed to load resource: net::ERR_NETWORK_CHANGED @ https://suno.com/_next/static/chunks/181h-uni3b-wq.js?dpl=dpl_Anprm2or5qcKxEZxfwN7AzEi8ya4:0
[    3368ms] [ERROR] Failed to load resource: net::ERR_NETWORK_CHANGED @ https://suno.com/_next/static/chunks/0jwjvhn7l.d6n.js?dpl=dpl_Anprm2or5qcKxEZxfwN7AzEi8ya4:0
[    3375ms] [ERROR] ChunkLoadError: Failed to load chunk /_next/static/chunks/181h-uni3b-wq.js?dpl=dpl_Anprm2or5qcKxEZxfwN7AzEi8ya4 from module 835453
    at https://suno.com/_next/static/chunks/turbopack-14y40gk93p~zp.js?dpl=dpl_Anprm2or5qcKxEZxfwN7AzEi8ya4:3:6295 @ https://suno.com/_next/static/chunks/0p82c9q~vfn42.js?dpl=dpl_Anprm2or5qcKxEZxfwN7AzEi8ya4:6
[    3377ms] [ERROR] Failed to load resource: net::ERR_NETWORK_CHANGED @ https://suno.com/_next/static/chunks/03iuhskoaxfc2.js?dpl=dpl_Anprm2or5qcKxEZxfwN7AzEi8ya4:0
[    3384ms] [ERROR] Failed to load resource: net::ERR_NETWORK_CHANGED @ https://suno.com/_next/static/chunks/0x8_~tee0rw2c.js?dpl=dpl_Anprm2or5qcKxEZxfwN7AzEi8ya4:0
[    3384ms] [ERROR] Failed to load resource: net::ERR_NETWORK_CHANGED @ https://suno.com/static-p/PPNeueMontreal-Book.ac04a579.woff:0
[    3384ms] [ERROR] Failed to load resource: net::ERR_NETWORK_CHANGED @ https://suno.com/_next/static/chunks/0qu~ujzwf2l7o.js?dpl=dpl_Anprm2or5qcKxEZxfwN7AzEi8ya4:0
[    3384ms] [ERROR] Failed to load resource: net::ERR_NETWORK_CHANGED @ https://suno.com/_next/static/chunks/17ey44x77hh.5.js?dpl=dpl_Anprm2or5qcKxEZxfwN7AzEi8ya4:0
[    3384ms] [ERROR] Failed to load resource: net::ERR_NETWORK_CHANGED @ https://suno.com/_next/static/chunks/033.x9ijkgi1j.js?dpl=dpl_Anprm2or5qcKxEZxfwN7AzEi8ya4:0
[    3384ms] [ERROR] Failed to load resource: net::ERR_NETWORK_CHANGED @ https://suno.com/_next/static/chunks/148d7-zdzo0nc.js?dpl=dpl_Anprm2or5qcKxEZxfwN7AzEi8ya4:0
[    3384ms] [ERROR] Failed to load resource: net::ERR_NETWORK_CHANGED @ https://suno.com/_next/static/chunks/12dtjel45nkbl.js?dpl=dpl_Anprm2or5qcKxEZxfwN7AzEi8ya4:0
[    3384ms] [ERROR] Failed to load resource: net::ERR_NETWORK_CHANGED @ https://suno.com/_next/static/chunks/0v9ikou8i5v3l.js?dpl=dpl_Anprm2or5qcKxEZxfwN7AzEi8ya4:0
[    3384ms] [ERROR] Failed to load resource: net::ERR_NETWORK_CHANGED @ https://suno.com/_next/static/chunks/16alim3q590._.js?dpl=dpl_Anprm2or5qcKxEZxfwN7AzEi8ya4:0
[    3385ms] [ERROR] Failed to load resource: net::ERR_NETWORK_CHANGED @ https://suno.com/_next/static/chunks/0fjdp01i5.380.js?dpl=dpl_Anprm2or5qcKxEZxfwN7AzEi8ya4:0
[    3385ms] [ERROR] Failed to load resource: net::ERR_NETWORK_CHANGED @ https://suno.com/_next/static/chunks/0p76_t9ebc7.9.js?dpl=dpl_Anprm2or5qcKxEZxfwN7AzEi8ya4:0
[    3385ms] [ERROR] Failed to load resource: net::ERR_NETWORK_CHANGED @ https://suno.com/_next/static/chunks/0m_2_581efczy.js?dpl=dpl_Anprm2or5qcKxEZxfwN7AzEi8ya4:0
[    3385ms] [ERROR] Failed to load resource: net::ERR_NETWORK_CHANGED @ https://suno.com/_next/static/chunks/0w10b9k5u1~wp.js?dpl=dpl_Anprm2or5qcKxEZxfwN7AzEi8ya4:0
[    3385ms] [ERROR] Failed to load resource: net::ERR_NETWORK_CHANGED @ https://suno.com/_next/static/chunks/155zkdgoih7o0.js?dpl=dpl_Anprm2or5qcKxEZxfwN7AzEi8ya4:0
[    3385ms] [ERROR] Failed to load resource: net::ERR_NETWORK_CHANGED @ https://suno.com/_next/static/chunks/080gf_ul58....js?dpl=dpl_Anprm2or5qcKxEZxfwN7AzEi8ya4:0
[    3385ms] [ERROR] Failed to load resource: net::ERR_NETWORK_CHANGED @ https://suno.com/_next/static/chunks/04pz99qd1_bh9.js?dpl=dpl_Anprm2or5qcKxEZxfwN7AzEi8ya4:0
[    3385ms] [ERROR] Failed to load resource: net::ERR_NETWORK_CHANGED @ https://suno.com/_next/static/chunks/03xqh4x5b0hoi.js?dpl=dpl_Anprm2or5qcKxEZxfwN7AzEi8ya4:0
[    3385ms] [ERROR] Failed to load resource: net::ERR_NETWORK_CHANGED @ https://suno.com/_next/static/chunks/0cghtdkvur~ug.js?dpl=dpl_Anprm2or5qcKxEZxfwN7AzEi8ya4:0
[    3385ms] [ERROR] Failed to load resource: net::ERR_NETWORK_CHANGED @ https://suno.com/_next/static/chunks/0nnktpc4fo3ei.js?dpl=dpl_Anprm2or5qcKxEZxfwN7AzEi8ya4:0
[    3385ms] [ERROR] Failed to load resource: net::ERR_NETWORK_CHANGED @ https://suno.com/_next/static/chunks/0nezw.wovr0r6.js?dpl=dpl_Anprm2or5qcKxEZxfwN7AzEi8ya4:0
[    3385ms] [ERROR] Failed to load resource: net::ERR_NETWORK_CHANGED @ https://suno.com/_next/static/chunks/0tde3kq1g0w9w.js?dpl=dpl_Anprm2or5qcKxEZxfwN7AzEi8ya4:0
[    3385ms] [ERROR] Failed to load resource: net::ERR_NETWORK_CHANGED @ https://suno.com/_next/static/chunks/0hduc4~sd_5f_.js?dpl=dpl_Anprm2or5qcKxEZxfwN7AzEi8ya4:0
[    3385ms] [ERROR] Failed to load resource: net::ERR_NETWORK_CHANGED @ https://suno.com/_next/static/chunks/0q1~ydz-b8-kc.js?dpl=dpl_Anprm2or5qcKxEZxfwN7AzEi8ya4:0
[    3385ms] [ERROR] Failed to load resource: net::ERR_NETWORK_CHANGED @ https://suno.com/_next/static/chunks/0vswotrma~8-f.js?dpl=dpl_Anprm2or5qcKxEZxfwN7AzEi8ya4:0
[    3385ms] [ERROR] Failed to load resource: net::ERR_NETWORK_CHANGED @ https://suno.com/_next/static/chunks/0r7j4qd9hcmgn.js?dpl=dpl_Anprm2or5qcKxEZxfwN7AzEi8ya4:0
[    3385ms] [ERROR] Failed to load resource: net::ERR_NETWORK_CHANGED @ https://suno.com/_next/static/chunks/0mdokx2t-ye8d.js?dpl=dpl_Anprm2or5qcKxEZxfwN7AzEi8ya4:0
[    3385ms] [ERROR] Failed to load resource: net::ERR_NETWORK_CHANGED @ https://suno.com/_next/static/chunks/0iy~i~10bu0zg.js?dpl=dpl_Anprm2or5qcKxEZxfwN7AzEi8ya4:0
[    3385ms] [ERROR] Failed to load resource: net::ERR_NETWORK_CHANGED @ https://cdn2.suno.ai/image_24a3b2a3-f110-417f-aa62-0cf8dc60ffa8.jpeg?width=undefined:0
[    3385ms] [ERROR] Failed to load resource: net::ERR_NETWORK_CHANGED @ https://suno.com/_next/static/chunks/08~7vcgw3~dff.js?dpl=dpl_Anprm2or5qcKxEZxfwN7AzEi8ya4:0
[    3385ms] [ERROR] Failed to load resource: net::ERR_NETWORK_CHANGED @ https://suno.com/_next/static/chunks/070j0nk9x781z.js?dpl=dpl_Anprm2or5qcKxEZxfwN7AzEi8ya4:0
[    3385ms] [ERROR] Failed to load resource: net::ERR_NETWORK_CHANGED @ https://suno.com/_next/static/chunks/0mf8.q2u.1svc.js?dpl=dpl_Anprm2or5qcKxEZxfwN7AzEi8ya4:0
[    3385ms] [ERROR] Failed to load resource: net::ERR_NETWORK_CHANGED @ https://suno.com/_next/static/chunks/02liqp8wlsimw.js?dpl=dpl_Anprm2or5qcKxEZxfwN7AzEi8ya4:0
[    3385ms] [ERROR] Failed to load resource: net::ERR_NETWORK_CHANGED @ https://suno.com/_next/static/chunks/0pbfan11blznk.js?dpl=dpl_Anprm2or5qcKxEZxfwN7AzEi8ya4:0
[    3385ms] [ERROR] Failed to load resource: net::ERR_NETWORK_CHANGED @ https://cdn2.suno.ai/image_23bc6b66-a154-4694-865b-feb00796bcfd.jpeg?width=360:0
[    3385ms] [ERROR] Failed to load resource: net::ERR_NETWORK_CHANGED @ https://suno.com/_next/static/chunks/0j-44j95b8~oi.js?dpl=dpl_Anprm2or5qcKxEZxfwN7AzEi8ya4:0
[    3385ms] [ERROR] Failed to load resource: net::ERR_NETWORK_CHANGED @ https://suno.com/_next/static/chunks/0jkrq2w1t9t.f.js?dpl=dpl_Anprm2or5qcKxEZxfwN7AzEi8ya4:0
[    3385ms] [ERROR] Failed to load resource: net::ERR_NETWORK_CHANGED @ https://suno.com/_next/static/chunks/0~i.tiqyj42u7.js?dpl=dpl_Anprm2or5qcKxEZxfwN7AzEi8ya4:0
[    3385ms] [ERROR] Failed to load resource: net::ERR_NETWORK_CHANGED @ https://suno.com/_next/static/chunks/10fmj~51pu2mw.js?dpl=dpl_Anprm2or5qcKxEZxfwN7AzEi8ya4:0
[    3385ms] [ERROR] Failed to load resource: net::ERR_NETWORK_CHANGED @ https://suno.com/_next/static/chunks/0vzl3zclpvjqh.js?dpl=dpl_Anprm2or5qcKxEZxfwN7AzEi8ya4:0
[    3385ms] [ERROR] Failed to load resource: net::ERR_NETWORK_CHANGED @ https://suno.com/_next/static/chunks/0dv1f71qa.p4_.js?dpl=dpl_Anprm2or5qcKxEZxfwN7AzEi8ya4:0
[    3385ms] [ERROR] Failed to load resource: net::ERR_NETWORK_CHANGED @ https://cdn1.suno.ai/Miles+Music+Kid+Uses+Suno+Thumbnail.png:0
[    3385ms] [ERROR] Failed to load resource: net::ERR_NETWORK_CHANGED @ https://cdn1.suno.ai/Nick+St+Pierre+Covers+Thumbnail.png:0
[    3386ms] [ERROR] Failed to load resource: net::ERR_NETWORK_CHANGED @ https://cdn1.suno.ai/Spell+Spell+Spell+Thumbnail.png:0
[    3388ms] [ERROR] Failed to load resource: net::ERR_NETWORK_CHANGED @ https://cdn1.suno.ai/Tech+Guy+Ver+Thumbnail.png:0
[    3388ms] [ERROR] Failed to load resource: net::ERR_NETWORK_CHANGED @ https://cdn1.suno.ai/Devan+Ibiza+Thumbnail.png:0
[    3389ms] [ERROR] Failed to load resource: net::ERR_NETWORK_CHANGED @ https://cdn-o.suno.com/splash-page/highlights/highlight-studio-workspace.png:0
[    3389ms] [ERROR] Failed to load resource: net::ERR_NETWORK_CHANGED @ https://auth.suno.com/npm/@clerk/clerk-js@5/dist/clerk.browser.js:0
[    3389ms] [ERROR] Failed to load resource: net::ERR_NETWORK_CHANGED @ https://suno.com/_next/static/chunks/0tuvmr6in3g7d.js?dpl=dpl_Anprm2or5qcKxEZxfwN7AzEi8ya4:0
[    3437ms] [ERROR] Failed to load resource: net::ERR_NETWORK_CHANGED @ https://www.google.com/ccm/collect?rcb=2&frm=0&ae=g&auid=1989585525.1784134049&dt=Suno%20%7C%20AI%20Music%20Generator&en=page_view&dl=https%3A%2F%2Fsuno.com%2F&scrsrc=suno.com&rnd=107275324.1784134049&navt=n&npa=0&ep.ads_data_redaction=0&gdid=dYzg1YT.dNzQzZD&gtm=45E92e67d1v9194996250za204zd9194996250xea&gcd=13l3l3l3l1l1&dma=0&tag_exp=115938466~115938468~118826210~118897920~118897930~119027224&apve=1&apvf=f&gap.gtb=1&apvc=1&tft=1784134049221&tfd=2875&fmt=8:0
[    7644ms] [ERROR] Failed to load resource: net::ERR_NETWORK_CHANGED @ https://cdn1.suno.ai/1430c88d.webp:0
[    7645ms] [ERROR] Failed to load resource: net::ERR_NETWORK_CHANGED @ https://cdn1.suno.ai/df353f82.webp:0
[    7645ms] [ERROR] Failed to load resource: net::ERR_NETWORK_CHANGED @ https://cdn1.suno.ai/550427de.webp:0
[    7645ms] [ERROR] Failed to load resource: net::ERR_NETWORK_CHANGED @ https://cdn1.suno.ai/b670b9bd.webp:0
[    7645ms] [ERROR] Failed to load resource: net::ERR_NETWORK_CHANGED @ https://cdn1.suno.ai/bc75467f.webp:0
[    7645ms] [ERROR] Failed to load resource: net::ERR_NETWORK_CHANGED @ https://cdn1.suno.ai/1f17b721.webp:0
[  649742ms] [ERROR] Failed to load resource: net::ERR_CONNECTION_CLOSED @ https://ad.doubleclick.net/ccm/s/collect?auid=1989585525.1784134049&gtm=45E92e67d1v9194996250za204zd9194996250xea:0
[  650238ms] [ERROR] Failed to load resource: the server responded with a status of 403 () @ https://cdn2.suno.ai/7326a60b-77ab-4fa5-a0a1-21264f09b1bc_b611dc96.jpeg?width=undefined:0
[  651177ms] [ERROR] Failed to load resource: net::ERR_NETWORK_CHANGED @ https://cdn1.suno.ai/Devan+Ibiza+Thumbnail.png:0
[  651177ms] [ERROR] Failed to load resource: net::ERR_NETWORK_CHANGED @ https://cdn1.suno.ai/Miles+Music+Kid+Uses+Suno+Thumbnail.png:0
[  651177ms] [ERROR] Failed to load resource: net::ERR_NETWORK_CHANGED @ https://cdn1.suno.ai/Nick+St+Pierre+Covers+Thumbnail.png:0
[  651177ms] [ERROR] Failed to load resource: net::ERR_NETWORK_CHANGED @ https://cdn1.suno.ai/df353f82.webp:0
[  651177ms] [ERROR] Failed to load resource: net::ERR_NETWORK_CHANGED @ https://cdn1.suno.ai/Tech+Guy+Ver+Thumbnail.png:0
[  651177ms] [ERROR] Failed to load resource: net::ERR_NETWORK_CHANGED @ https://cdn1.suno.ai/06a5a046.webp:0
[  651177ms] [ERROR] Failed to load resource: net::ERR_NETWORK_CHANGED @ https://cdn1.suno.ai/bc75467f.webp:0
[  651177ms] [ERROR] Failed to load resource: net::ERR_NETWORK_CHANGED @ https://cdn1.suno.ai/60adb59a.webp:0
[  651177ms] [ERROR] Failed to load resource: net::ERR_NETWORK_CHANGED @ https://cdn1.suno.ai/1430c88d.webp:0
[  651177ms] [ERROR] Failed to load resource: net::ERR_NETWORK_CHANGED @ https://cdn1.suno.ai/0c585b04.webp:0
[  651177ms] [ERROR] Failed to load resource: net::ERR_NETWORK_CHANGED @ https://cdn1.suno.ai/550427de.webp:0
[  651177ms] [ERROR] Failed to load resource: net::ERR_NETWORK_CHANGED @ https://cdn1.suno.ai/defaultPink.webp:0
[  651177ms] [ERROR] Failed to load resource: net::ERR_NETWORK_CHANGED @ https://cdn1.suno.ai/1f17b721.webp:0
[  651177ms] [ERROR] Failed to load resource: net::ERR_NETWORK_CHANGED @ https://cdn1.suno.ai/c92673b4.webp:0
[  651177ms] [ERROR] Failed to load resource: net::ERR_NETWORK_CHANGED @ https://cdn1.suno.ai/b670b9bd.webp:0
[  651177ms] [ERROR] Failed to load resource: net::ERR_NETWORK_CHANGED @ https://analytics.twitter.com/1/i/adsct?bci=4&dv=Asia%2FShanghai%26zh-CN%2Czh%26Google%20Inc.%26MacIntel%26127%261280%26720%2610%2624%261280%26720%260%26na&eci=3&event=%7B%7D&event_id=7e3cb185-1ec1-4323-aee6-520a6f4d40b6&integration=gtm&p_id=Twitter&p_user_id=0&pl_id=f887139e-bd6e-4e35-8cd9-5ab8ee005e3e&pt=Suno%20%7C%20AI%20Music%20Generator&tw_document_href=https%3A%2F%2Fsuno.com%2F&tw_iframe_status=0&tw_pid_src=1&twpid=tw.1784134697027.752106920763513682&txn_id=pblxh&type=javascript&version=2.3.53:0
[  651177ms] [ERROR] Failed to load resource: net::ERR_NETWORK_CHANGED @ https://t.co/1/i/adsct?bci=4&dv=Asia%2FShanghai%26zh-CN%2Czh%26Google%20Inc.%26MacIntel%26127%261280%26720%2610%2624%261280%26720%260%26na&eci=3&event=%7B%7D&event_id=7e3cb185-1ec1-4323-aee6-520a6f4d40b6&integration=gtm&p_id=Twitter&p_user_id=0&pl_id=f887139e-bd6e-4e35-8cd9-5ab8ee005e3e&pt=Suno%20%7C%20AI%20Music%20Generator&tw_document_href=https%3A%2F%2Fsuno.com%2F&tw_iframe_status=0&tw_pid_src=1&twpid=tw.1784134697027.752106920763513682&txn_id=pblxh&type=javascript&version=2.3.53:0
[  651197ms] [ERROR] Failed to load resource: net::ERR_NETWORK_CHANGED @ https://auth.suno.com/npm/@clerk/clerk-js@5/dist/clerk.browser.js:0
[  651197ms] [ERROR] Failed to load resource: net::ERR_NETWORK_CHANGED @ https://analytics.tiktok.com/i18n/pixel/events.js?sdkid=CT67HURC77UB52N3JFBG&lib=ttq:0
[  651197ms] [ERROR] Failed to load resource: net::ERR_NETWORK_CHANGED @ https://suno.com/9i3s/u3weU8npDQDHbYZ_1veJnBPGdA37Ej10hi-Ak89t_9UWr8ni:0
[  651197ms] [ERROR] Failed to load resource: net::ERR_NETWORK_CHANGED @ https://suno.com/9i3s/u3weU8npC3rdHoABp4v9mnijYV-lTCZvgn2K2pY1_YdEqUULyeI:0
[  651197ms] [ERROR] Failed to load resource: net::ERR_NETWORK_CHANGED @ https://bat.bing.com/bat.js:0
[  651197ms] [ERROR] Failed to load resource: net::ERR_NETWORK_CHANGED @ https://web-sdk-cdn.singular.net/singular-sdk/latest/singular-sdk.js:0
[  651199ms] [ERROR] Failed to load resource: net::ERR_NETWORK_CHANGED @ https://suno.pxf.io/xur/46384:0
[  651204ms] [ERROR] Invalid id passed to identify. @ https://suno.com/_next/static/chunks/0p82c9q~vfn42.js?dpl=dpl_Anprm2or5qcKxEZxfwN7AzEi8ya4:6
[  651937ms] Error: Minified React error #418; visit https://react.dev/errors/418?args[]=text&args[]= for the full message or use the non-minified dev environment for full errors and additional helpful warnings.
    at rY (https://suno.com/_next/static/chunks/0vj-wd4_z1nna.js?dpl=dpl_Anprm2or5qcKxEZxfwN7AzEi8ya4:3:40206)
    at rG (https://suno.com/_next/static/chunks/0vj-wd4_z1nna.js?dpl=dpl_Anprm2or5qcKxEZxfwN7AzEi8ya4:3:41239)
    at https://suno.com/_next/static/chunks/0vj-wd4_z1nna.js?dpl=dpl_Anprm2or5qcKxEZxfwN7AzEi8ya4:3:135587
    at sh (https://suno.com/_next/static/chunks/0vj-wd4_z1nna.js?dpl=dpl_Anprm2or5qcKxEZxfwN7AzEi8ya4:3:140748)
    at sd (https://suno.com/_next/static/chunks/0vj-wd4_z1nna.js?dpl=dpl_Anprm2or5qcKxEZxfwN7AzEi8ya4:3:131998)
    at https://suno.com/_next/static/chunks/0vj-wd4_z1nna.js?dpl=dpl_Anprm2or5qcKxEZxfwN7AzEi8ya4:3:126823
    at se (https://suno.com/_next/static/chunks/0vj-wd4_z1nna.js?dpl=dpl_Anprm2or5qcKxEZxfwN7AzEi8ya4:3:126924)
    at sH (https://suno.com/_next/static/chunks/0vj-wd4_z1nna.js?dpl=dpl_Anprm2or5qcKxEZxfwN7AzEi8ya4:3:153488)
    at MessagePort._ (https://suno.com/_next/static/chunks/0vj-wd4_z1nna.js?dpl=dpl_Anprm2or5qcKxEZxfwN7AzEi8ya4:3:1647)
[  651929ms] [LOG] %c
  ███████╗██╗   ██╗███╗   ██╗ ██████╗
  ██╔════╝██║   ██║████╗  ██║██╔═══██╗
  ███████╗██║   ██║██╔██╗ ██║██║   ██║
  ╚════██║██║   ██║██║╚██╗██║██║   ██║
  ███████║╚██████╔╝██║ ╚████║╚██████╔╝
  ╚══════╝ ╚═════╝ ╚═╝  ╚═══╝ ╚═════╝
  We are hiring! Come join our amazing team!
  https://suno.com/careers
       color: #ff6b9d; font-weight: bold; text-shadow: 0 0 10px rgba(255, 107, 157, 0.5), 0 0 20px rgba(255, 107, 157, 0.3), 0 0 30px rgba(255, 107, 157, 0.2); font-family: "Courier New", monospace; @ https://suno.com/_next/static/chunks/0p82c9q~vfn42.js?dpl=dpl_Anprm2or5qcKxEZxfwN7AzEi8ya4:6
[  657505ms] [ERROR] Failed to load resource: net::ERR_CONNECTION_CLOSED @ https://stats.g.doubleclick.net/g/collect?v=2&tid=G-7B0KEDD7XP&cid=180447768.1784134704&gtm=45892e67d1v880699528z89194996250za20kzb9194996250zd9194996250&rcb=3&aip=1&dma=0&gcs=G111&gcd=13t3t3t3t5l1&npa=0&frm=0&tag_exp=115938465~115938468~118826209~118897920~118897930~119027224~119709550:0
[  665800ms] [ERROR] ClerkRuntimeError: 🔒 Clerk: Failed to load Clerk

(code="failed_to_load_clerk_js_timeout")

    at https://suno.com/_next/static/chunks/0qqkdkf3yfoxf.js?dpl=dpl_Anprm2or5qcKxEZxfwN7AzEi8ya4:4:19452
    at l (https://suno.com/_next/static/chunks/0~y_n68-j1nsl.js?dpl=dpl_Anprm2or5qcKxEZxfwN7AzEi8ya4:3:11931) @ https://suno.com/_next/static/chunks/0p82c9q~vfn42.js?dpl=dpl_Anprm2or5qcKxEZxfwN7AzEi8ya4:6
[  676143ms] [WARNING] The resource https://cdn2.suno.ai/7326a60b-77ab-4fa5-a0a1-21264f09b1bc_b611dc96.jpeg?width=undefined was preloaded using link preload but not used within a few seconds from the window's load event. Please make sure it has an appropriate `as` value and it is preloaded intentionally. @ https://suno.com/:0
[  684065ms] [WARNING] The resource https://cdn2.suno.ai/7326a60b-77ab-4fa5-a0a1-21264f09b1bc_b611dc96.jpeg?width=undefined was preloaded using link preload but not used within a few seconds from the window's load event. Please make sure it has an appropriate `as` value and it is preloaded intentionally. @ https://suno.com/:0
[  692562ms] [WARNING] The resource https://cdn2.suno.ai/7326a60b-77ab-4fa5-a0a1-21264f09b1bc_b611dc96.jpeg?width=undefined was preloaded using link preload but not used within a few seconds from the window's load event. Please make sure it has an appropriate `as` value and it is preloaded intentionally. @ https://suno.com/:0
[  700045ms] [WARNING] The resource https://cdn2.suno.ai/7326a60b-77ab-4fa5-a0a1-21264f09b1bc_b611dc96.jpeg?width=undefined was preloaded using link preload but not used within a few seconds from the window's load event. Please make sure it has an appropriate `as` value and it is preloaded intentionally. @ https://suno.com/:0
[  715778ms] [WARNING] The resource https://cdn2.suno.ai/7326a60b-77ab-4fa5-a0a1-21264f09b1bc_b611dc96.jpeg?width=undefined was preloaded using link preload but not used within a few seconds from the window's load event. Please make sure it has an appropriate `as` value and it is preloaded intentionally. @ https://suno.com/:0
[  722528ms] [WARNING] The resource https://cdn2.suno.ai/7326a60b-77ab-4fa5-a0a1-21264f09b1bc_b611dc96.jpeg?width=undefined was preloaded using link preload but not used within a few seconds from the window's load event. Please make sure it has an appropriate `as` value and it is preloaded intentionally. @ https://suno.com/:0
[  726131ms] [WARNING] The resource https://cdn2.suno.ai/7326a60b-77ab-4fa5-a0a1-21264f09b1bc_b611dc96.jpeg?width=undefined was preloaded using link preload but not used within a few seconds from the window's load event. Please make sure it has an appropriate `as` value and it is preloaded intentionally. @ https://suno.com/:0
[  738657ms] [WARNING] The resource https://cdn2.suno.ai/7326a60b-77ab-4fa5-a0a1-21264f09b1bc_b611dc96.jpeg?width=undefined was preloaded using link preload but not used within a few seconds from the window's load event. Please make sure it has an appropriate `as` value and it is preloaded intentionally. @ https://suno.com/:0
[  756634ms] [WARNING] The resource https://cdn2.suno.ai/7326a60b-77ab-4fa5-a0a1-21264f09b1bc_b611dc96.jpeg?width=undefined was preloaded using link preload but not used within a few seconds from the window's load event. Please make sure it has an appropriate `as` value and it is preloaded intentionally. @ https://suno.com/:0
[  768589ms] [WARNING] The resource https://cdn2.suno.ai/7326a60b-77ab-4fa5-a0a1-21264f09b1bc_b611dc96.jpeg?width=undefined was preloaded using link preload but not used within a few seconds from the window's load event. Please make sure it has an appropriate `as` value and it is preloaded intentionally. @ https://suno.com/:0
[  783616ms] [WARNING] The resource https://cdn2.suno.ai/7326a60b-77ab-4fa5-a0a1-21264f09b1bc_b611dc96.jpeg?width=undefined was preloaded using link preload but not used within a few seconds from the window's load event. Please make sure it has an appropriate `as` value and it is preloaded intentionally. @ https://suno.com/:0
[  787177ms] [WARNING] The resource https://cdn2.suno.ai/7326a60b-77ab-4fa5-a0a1-21264f09b1bc_b611dc96.jpeg?width=undefined was preloaded using link preload but not used within a few seconds from the window's load event. Please make sure it has an appropriate `as` value and it is preloaded intentionally. @ https://suno.com/:0
[  798486ms] [WARNING] The resource https://cdn2.suno.ai/7326a60b-77ab-4fa5-a0a1-21264f09b1bc_b611dc96.jpeg?width=undefined was preloaded using link preload but not used within a few seconds from the window's load event. Please make sure it has an appropriate `as` value and it is preloaded intentionally. @ https://suno.com/:0
[  820064ms] [WARNING] The resource https://cdn2.suno.ai/7326a60b-77ab-4fa5-a0a1-21264f09b1bc_b611dc96.jpeg?width=undefined was preloaded using link preload but not used within a few seconds from the window's load event. Please make sure it has an appropriate `as` value and it is preloaded intentionally. @ https://suno.com/:0
[  828953ms] [WARNING] The resource https://cdn2.suno.ai/7326a60b-77ab-4fa5-a0a1-21264f09b1bc_b611dc96.jpeg?width=undefined was preloaded using link preload but not used within a few seconds from the window's load event. Please make sure it has an appropriate `as` value and it is preloaded intentionally. @ https://suno.com/:0
[  835250ms] [WARNING] The resource https://cdn2.suno.ai/7326a60b-77ab-4fa5-a0a1-21264f09b1bc_b611dc96.jpeg?width=undefined was preloaded using link preload but not used within a few seconds from the window's load event. Please make sure it has an appropriate `as` value and it is preloaded intentionally. @ https://suno.com/:0
[  855662ms] [WARNING] The resource https://cdn2.suno.ai/7326a60b-77ab-4fa5-a0a1-21264f09b1bc_b611dc96.jpeg?width=undefined was preloaded using link preload but not used within a few seconds from the window's load event. Please make sure it has an appropriate `as` value and it is preloaded intentionally. @ https://suno.com/:0
[  863331ms] [WARNING] The resource https://cdn2.suno.ai/7326a60b-77ab-4fa5-a0a1-21264f09b1bc_b611dc96.jpeg?width=undefined was preloaded using link preload but not used within a few seconds from the window's load event. Please make sure it has an appropriate `as` value and it is preloaded intentionally. @ https://suno.com/:0
[  877536ms] [WARNING] The resource https://cdn2.suno.ai/7326a60b-77ab-4fa5-a0a1-21264f09b1bc_b611dc96.jpeg?width=undefined was preloaded using link preload but not used within a few seconds from the window's load event. Please make sure it has an appropriate `as` value and it is preloaded intentionally. @ https://suno.com/:0
[  899396ms] [WARNING] The resource https://cdn2.suno.ai/7326a60b-77ab-4fa5-a0a1-21264f09b1bc_b611dc96.jpeg?width=undefined was preloaded using link preload but not used within a few seconds from the window's load event. Please make sure it has an appropriate `as` value and it is preloaded intentionally. @ https://suno.com/:0
[  908031ms] [WARNING] The resource https://cdn2.suno.ai/7326a60b-77ab-4fa5-a0a1-21264f09b1bc_b611dc96.jpeg?width=undefined was preloaded using link preload but not used within a few seconds from the window's load event. Please make sure it has an appropriate `as` value and it is preloaded intentionally. @ https://suno.com/:0
[  921347ms] [WARNING] The resource https://cdn2.suno.ai/7326a60b-77ab-4fa5-a0a1-21264f09b1bc_b611dc96.jpeg?width=undefined was preloaded using link preload but not used within a few seconds from the window's load event. Please make sure it has an appropriate `as` value and it is preloaded intentionally. @ https://suno.com/:0
[  943431ms] [WARNING] The resource https://cdn2.suno.ai/7326a60b-77ab-4fa5-a0a1-21264f09b1bc_b611dc96.jpeg?width=undefined was preloaded using link preload but not used within a few seconds from the window's load event. Please make sure it has an appropriate `as` value and it is preloaded intentionally. @ https://suno.com/:0
[  951880ms] [WARNING] The resource https://cdn2.suno.ai/7326a60b-77ab-4fa5-a0a1-21264f09b1bc_b611dc96.jpeg?width=undefined was preloaded using link preload but not used within a few seconds from the window's load event. Please make sure it has an appropriate `as` value and it is preloaded intentionally. @ https://suno.com/:0
[  966541ms] [WARNING] The resource https://cdn2.suno.ai/7326a60b-77ab-4fa5-a0a1-21264f09b1bc_b611dc96.jpeg?width=undefined was preloaded using link preload but not used within a few seconds from the window's load event. Please make sure it has an appropriate `as` value and it is preloaded intentionally. @ https://suno.com/:0
[  983447ms] [WARNING] The resource https://cdn2.suno.ai/7326a60b-77ab-4fa5-a0a1-21264f09b1bc_b611dc96.jpeg?width=undefined was preloaded using link preload but not used within a few seconds from the window's load event. Please make sure it has an appropriate `as` value and it is preloaded intentionally. @ https://suno.com/:0
[  993983ms] [WARNING] The resource https://cdn2.suno.ai/7326a60b-77ab-4fa5-a0a1-21264f09b1bc_b611dc96.jpeg?width=undefined was preloaded using link preload but not used within a few seconds from the window's load event. Please make sure it has an appropriate `as` value and it is preloaded intentionally. @ https://suno.com/:0
[ 1024517ms] [WARNING] The resource https://cdn2.suno.ai/7326a60b-77ab-4fa5-a0a1-21264f09b1bc_b611dc96.jpeg?width=undefined was preloaded using link preload but not used within a few seconds from the window's load event. Please make sure it has an appropriate `as` value and it is preloaded intentionally. @ https://suno.com/:0
[ 1051740ms] [WARNING] The resource https://cdn2.suno.ai/7326a60b-77ab-4fa5-a0a1-21264f09b1bc_b611dc96.jpeg?width=undefined was preloaded using link preload but not used within a few seconds from the window's load event. Please make sure it has an appropriate `as` value and it is preloaded intentionally. @ https://suno.com/:0
[ 1054989ms] [WARNING] The resource https://cdn2.suno.ai/7326a60b-77ab-4fa5-a0a1-21264f09b1bc_b611dc96.jpeg?width=undefined was preloaded using link preload but not used within a few seconds from the window's load event. Please make sure it has an appropriate `as` value and it is preloaded intentionally. @ https://suno.com/:0
[ 1080614ms] [WARNING] The resource https://cdn2.suno.ai/7326a60b-77ab-4fa5-a0a1-21264f09b1bc_b611dc96.jpeg?width=undefined was preloaded using link preload but not used within a few seconds from the window's load event. Please make sure it has an appropriate `as` value and it is preloaded intentionally. @ https://suno.com/:0
[ 1085224ms] [WARNING] The resource https://cdn2.suno.ai/7326a60b-77ab-4fa5-a0a1-21264f09b1bc_b611dc96.jpeg?width=undefined was preloaded using link preload but not used within a few seconds from the window's load event. Please make sure it has an appropriate `as` value and it is preloaded intentionally. @ https://suno.com/:0
[ 1110947ms] [WARNING] The resource https://cdn2.suno.ai/7326a60b-77ab-4fa5-a0a1-21264f09b1bc_b611dc96.jpeg?width=undefined was preloaded using link preload but not used within a few seconds from the window's load event. Please make sure it has an appropriate `as` value and it is preloaded intentionally. @ https://suno.com/:0
[ 1141463ms] [WARNING] The resource https://cdn2.suno.ai/7326a60b-77ab-4fa5-a0a1-21264f09b1bc_b611dc96.jpeg?width=undefined was preloaded using link preload but not used within a few seconds from the window's load event. Please make sure it has an appropriate `as` value and it is preloaded intentionally. @ https://suno.com/:0
[ 1174952ms] [WARNING] The resource https://cdn2.suno.ai/7326a60b-77ab-4fa5-a0a1-21264f09b1bc_b611dc96.jpeg?width=undefined was preloaded using link preload but not used within a few seconds from the window's load event. Please make sure it has an appropriate `as` value and it is preloaded intentionally. @ https://suno.com/:0
[ 1181700ms] [WARNING] The resource https://cdn2.suno.ai/7326a60b-77ab-4fa5-a0a1-21264f09b1bc_b611dc96.jpeg?width=undefined was preloaded using link preload but not used within a few seconds from the window's load event. Please make sure it has an appropriate `as` value and it is preloaded intentionally. @ https://suno.com/:0
[ 1209606ms] [WARNING] The resource https://cdn2.suno.ai/7326a60b-77ab-4fa5-a0a1-21264f09b1bc_b611dc96.jpeg?width=undefined was preloaded using link preload but not used within a few seconds from the window's load event. Please make sure it has an appropriate `as` value and it is preloaded intentionally. @ https://suno.com/:0
[ 1240067ms] [WARNING] The resource https://cdn2.suno.ai/7326a60b-77ab-4fa5-a0a1-21264f09b1bc_b611dc96.jpeg?width=undefined was preloaded using link preload but not used within a few seconds from the window's load event. Please make sure it has an appropriate `as` value and it is preloaded intentionally. @ https://suno.com/:0
[ 1244543ms] [WARNING] The resource https://cdn2.suno.ai/7326a60b-77ab-4fa5-a0a1-21264f09b1bc_b611dc96.jpeg?width=undefined was preloaded using link preload but not used within a few seconds from the window's load event. Please make sure it has an appropriate `as` value and it is preloaded intentionally. @ https://suno.com/:0
[ 1275047ms] [WARNING] The resource https://cdn2.suno.ai/7326a60b-77ab-4fa5-a0a1-21264f09b1bc_b611dc96.jpeg?width=undefined was preloaded using link preload but not used within a few seconds from the window's load event. Please make sure it has an appropriate `as` value and it is preloaded intentionally. @ https://suno.com/:0
[ 1280465ms] [WARNING] The resource https://cdn2.suno.ai/7326a60b-77ab-4fa5-a0a1-21264f09b1bc_b611dc96.jpeg?width=undefined was preloaded using link preload but not used within a few seconds from the window's load event. Please make sure it has an appropriate `as` value and it is preloaded intentionally. @ https://suno.com/:0
[ 1313435ms] [WARNING] The resource https://cdn2.suno.ai/7326a60b-77ab-4fa5-a0a1-21264f09b1bc_b611dc96.jpeg?width=undefined was preloaded using link preload but not used within a few seconds from the window's load event. Please make sure it has an appropriate `as` value and it is preloaded intentionally. @ https://suno.com/:0
[ 1343948ms] [WARNING] The resource https://cdn2.suno.ai/7326a60b-77ab-4fa5-a0a1-21264f09b1bc_b611dc96.jpeg?width=undefined was preloaded using link preload but not used within a few seconds from the window's load event. Please make sure it has an appropriate `as` value and it is preloaded intentionally. @ https://suno.com/:0
[ 1347832ms] [WARNING] The resource https://cdn2.suno.ai/7326a60b-77ab-4fa5-a0a1-21264f09b1bc_b611dc96.jpeg?width=undefined was preloaded using link preload but not used within a few seconds from the window's load event. Please make sure it has an appropriate `as` value and it is preloaded intentionally. @ https://suno.com/:0
[ 1378310ms] [WARNING] The resource https://cdn2.suno.ai/7326a60b-77ab-4fa5-a0a1-21264f09b1bc_b611dc96.jpeg?width=undefined was preloaded using link preload but not used within a few seconds from the window's load event. Please make sure it has an appropriate `as` value and it is preloaded intentionally. @ https://suno.com/:0
[ 1383856ms] [WARNING] The resource https://cdn2.suno.ai/7326a60b-77ab-4fa5-a0a1-21264f09b1bc_b611dc96.jpeg?width=undefined was preloaded using link preload but not used within a few seconds from the window's load event. Please make sure it has an appropriate `as` value and it is preloaded intentionally. @ https://suno.com/:0
[ 1417280ms] [WARNING] The resource https://cdn2.suno.ai/7326a60b-77ab-4fa5-a0a1-21264f09b1bc_b611dc96.jpeg?width=undefined was preloaded using link preload but not used within a few seconds from the window's load event. Please make sure it has an appropriate `as` value and it is preloaded intentionally. @ https://suno.com/:0
[ 1447804ms] [WARNING] The resource https://cdn2.suno.ai/7326a60b-77ab-4fa5-a0a1-21264f09b1bc_b611dc96.jpeg?width=undefined was preloaded using link preload but not used within a few seconds from the window's load event. Please make sure it has an appropriate `as` value and it is preloaded intentionally. @ https://suno.com/:0
[ 1452237ms] [WARNING] The resource https://cdn2.suno.ai/7326a60b-77ab-4fa5-a0a1-21264f09b1bc_b611dc96.jpeg?width=undefined was preloaded using link preload but not used within a few seconds from the window's load event. Please make sure it has an appropriate `as` value and it is preloaded intentionally. @ https://suno.com/:0
[ 1482754ms] [WARNING] The resource https://cdn2.suno.ai/7326a60b-77ab-4fa5-a0a1-21264f09b1bc_b611dc96.jpeg?width=undefined was preloaded using link preload but not used within a few seconds from the window's load event. Please make sure it has an appropriate `as` value and it is preloaded intentionally. @ https://suno.com/:0
[ 1488725ms] [WARNING] The resource https://cdn2.suno.ai/7326a60b-77ab-4fa5-a0a1-21264f09b1bc_b611dc96.jpeg?width=undefined was preloaded using link preload but not used within a few seconds from the window's load event. Please make sure it has an appropriate `as` value and it is preloaded intentionally. @ https://suno.com/:0
[ 1522170ms] [WARNING] The resource https://cdn2.suno.ai/7326a60b-77ab-4fa5-a0a1-21264f09b1bc_b611dc96.jpeg?width=undefined was preloaded using link preload but not used within a few seconds from the window's load event. Please make sure it has an appropriate `as` value and it is preloaded intentionally. @ https://suno.com/:0
[ 1552654ms] [WARNING] The resource https://cdn2.suno.ai/7326a60b-77ab-4fa5-a0a1-21264f09b1bc_b611dc96.jpeg?width=undefined was preloaded using link preload but not used within a few seconds from the window's load event. Please make sure it has an appropriate `as` value and it is preloaded intentionally. @ https://suno.com/:0
[ 1557103ms] [WARNING] The resource https://cdn2.suno.ai/7326a60b-77ab-4fa5-a0a1-21264f09b1bc_b611dc96.jpeg?width=undefined was preloaded using link preload but not used within a few seconds from the window's load event. Please make sure it has an appropriate `as` value and it is preloaded intentionally. @ https://suno.com/:0
[ 1583836ms] [WARNING] The resource https://cdn2.suno.ai/7326a60b-77ab-4fa5-a0a1-21264f09b1bc_b611dc96.jpeg?width=undefined was preloaded using link preload but not used within a few seconds from the window's load event. Please make sure it has an appropriate `as` value and it is preloaded intentionally. @ https://suno.com/:0
[ 1593673ms] [WARNING] The resource https://cdn2.suno.ai/7326a60b-77ab-4fa5-a0a1-21264f09b1bc_b611dc96.jpeg?width=undefined was preloaded using link preload but not used within a few seconds from the window's load event. Please make sure it has an appropriate `as` value and it is preloaded intentionally. @ https://suno.com/:0
[ 1627022ms] [WARNING] The resource https://cdn2.suno.ai/7326a60b-77ab-4fa5-a0a1-21264f09b1bc_b611dc96.jpeg?width=undefined was preloaded using link preload but not used within a few seconds from the window's load event. Please make sure it has an appropriate `as` value and it is preloaded intentionally. @ https://suno.com/:0
[ 1657527ms] [WARNING] The resource https://cdn2.suno.ai/7326a60b-77ab-4fa5-a0a1-21264f09b1bc_b611dc96.jpeg?width=undefined was preloaded using link preload but not used within a few seconds from the window's load event. Please make sure it has an appropriate `as` value and it is preloaded intentionally. @ https://suno.com/:0
[ 1661589ms] [WARNING] The resource https://cdn2.suno.ai/7326a60b-77ab-4fa5-a0a1-21264f09b1bc_b611dc96.jpeg?width=undefined was preloaded using link preload but not used within a few seconds from the window's load event. Please make sure it has an appropriate `as` value and it is preloaded intentionally. @ https://suno.com/:0
[ 1692093ms] [WARNING] The resource https://cdn2.suno.ai/7326a60b-77ab-4fa5-a0a1-21264f09b1bc_b611dc96.jpeg?width=undefined was preloaded using link preload but not used within a few seconds from the window's load event. Please make sure it has an appropriate `as` value and it is preloaded intentionally. @ https://suno.com/:0
[ 1697510ms] [WARNING] The resource https://cdn2.suno.ai/7326a60b-77ab-4fa5-a0a1-21264f09b1bc_b611dc96.jpeg?width=undefined was preloaded using link preload but not used within a few seconds from the window's load event. Please make sure it has an appropriate `as` value and it is preloaded intentionally. @ https://suno.com/:0
[ 1730561ms] [WARNING] The resource https://cdn2.suno.ai/7326a60b-77ab-4fa5-a0a1-21264f09b1bc_b611dc96.jpeg?width=undefined was preloaded using link preload but not used within a few seconds from the window's load event. Please make sure it has an appropriate `as` value and it is preloaded intentionally. @ https://suno.com/:0
[ 1761057ms] [WARNING] The resource https://cdn2.suno.ai/7326a60b-77ab-4fa5-a0a1-21264f09b1bc_b611dc96.jpeg?width=undefined was preloaded using link preload but not used within a few seconds from the window's load event. Please make sure it has an appropriate `as` value and it is preloaded intentionally. @ https://suno.com/:0
[ 1765033ms] [WARNING] The resource https://cdn2.suno.ai/7326a60b-77ab-4fa5-a0a1-21264f09b1bc_b611dc96.jpeg?width=undefined was preloaded using link preload but not used within a few seconds from the window's load event. Please make sure it has an appropriate `as` value and it is preloaded intentionally. @ https://suno.com/:0
[ 1795539ms] [WARNING] The resource https://cdn2.suno.ai/7326a60b-77ab-4fa5-a0a1-21264f09b1bc_b611dc96.jpeg?width=undefined was preloaded using link preload but not used within a few seconds from the window's load event. Please make sure it has an appropriate `as` value and it is preloaded intentionally. @ https://suno.com/:0
[ 1801347ms] [WARNING] The resource https://cdn2.suno.ai/7326a60b-77ab-4fa5-a0a1-21264f09b1bc_b611dc96.jpeg?width=undefined was preloaded using link preload but not used within a few seconds from the window's load event. Please make sure it has an appropriate `as` value and it is preloaded intentionally. @ https://suno.com/:0
[ 1831847ms] [WARNING] The resource https://cdn2.suno.ai/7326a60b-77ab-4fa5-a0a1-21264f09b1bc_b611dc96.jpeg?width=undefined was preloaded using link preload but not used within a few seconds from the window's load event. Please make sure it has an appropriate `as` value and it is preloaded intentionally. @ https://suno.com/:0
[ 1834957ms] [WARNING] The resource https://cdn2.suno.ai/7326a60b-77ab-4fa5-a0a1-21264f09b1bc_b611dc96.jpeg?width=undefined was preloaded using link preload but not used within a few seconds from the window's load event. Please make sure it has an appropriate `as` value and it is preloaded intentionally. @ https://suno.com/:0
[ 1865472ms] [WARNING] The resource https://cdn2.suno.ai/7326a60b-77ab-4fa5-a0a1-21264f09b1bc_b611dc96.jpeg?width=undefined was preloaded using link preload but not used within a few seconds from the window's load event. Please make sure it has an appropriate `as` value and it is preloaded intentionally. @ https://suno.com/:0
[ 1869823ms] [WARNING] The resource https://cdn2.suno.ai/7326a60b-77ab-4fa5-a0a1-21264f09b1bc_b611dc96.jpeg?width=undefined was preloaded using link preload but not used within a few seconds from the window's load event. Please make sure it has an appropriate `as` value and it is preloaded intentionally. @ https://suno.com/:0
[ 1900327ms] [WARNING] The resource https://cdn2.suno.ai/7326a60b-77ab-4fa5-a0a1-21264f09b1bc_b611dc96.jpeg?width=undefined was preloaded using link preload but not used within a few seconds from the window's load event. Please make sure it has an appropriate `as` value and it is preloaded intentionally. @ https://suno.com/:0
[ 1906472ms] [WARNING] The resource https://cdn2.suno.ai/7326a60b-77ab-4fa5-a0a1-21264f09b1bc_b611dc96.jpeg?width=undefined was preloaded using link preload but not used within a few seconds from the window's load event. Please make sure it has an appropriate `as` value and it is preloaded intentionally. @ https://suno.com/:0
[ 1939277ms] [WARNING] The resource https://cdn2.suno.ai/7326a60b-77ab-4fa5-a0a1-21264f09b1bc_b611dc96.jpeg?width=undefined was preloaded using link preload but not used within a few seconds from the window's load event. Please make sure it has an appropriate `as` value and it is preloaded intentionally. @ https://suno.com/:0
[ 1969782ms] [WARNING] The resource https://cdn2.suno.ai/7326a60b-77ab-4fa5-a0a1-21264f09b1bc_b611dc96.jpeg?width=undefined was preloaded using link preload but not used within a few seconds from the window's load event. Please make sure it has an appropriate `as` value and it is preloaded intentionally. @ https://suno.com/:0
[ 1973669ms] [WARNING] The resource https://cdn2.suno.ai/7326a60b-77ab-4fa5-a0a1-21264f09b1bc_b611dc96.jpeg?width=undefined was preloaded using link preload but not used within a few seconds from the window's load event. Please make sure it has an appropriate `as` value and it is preloaded intentionally. @ https://suno.com/:0
[ 2004187ms] [WARNING] The resource https://cdn2.suno.ai/7326a60b-77ab-4fa5-a0a1-21264f09b1bc_b611dc96.jpeg?width=undefined was preloaded using link preload but not used within a few seconds from the window's load event. Please make sure it has an appropriate `as` value and it is preloaded intentionally. @ https://suno.com/:0
[ 2009600ms] [WARNING] The resource https://cdn2.suno.ai/7326a60b-77ab-4fa5-a0a1-21264f09b1bc_b611dc96.jpeg?width=undefined was preloaded using link preload but not used within a few seconds from the window's load event. Please make sure it has an appropriate `as` value and it is preloaded intentionally. @ https://suno.com/:0
[ 2042512ms] [WARNING] The resource https://cdn2.suno.ai/7326a60b-77ab-4fa5-a0a1-21264f09b1bc_b611dc96.jpeg?width=undefined was preloaded using link preload but not used within a few seconds from the window's load event. Please make sure it has an appropriate `as` value and it is preloaded intentionally. @ https://suno.com/:0
[ 2072997ms] [WARNING] The resource https://cdn2.suno.ai/7326a60b-77ab-4fa5-a0a1-21264f09b1bc_b611dc96.jpeg?width=undefined was preloaded using link preload but not used within a few seconds from the window's load event. Please make sure it has an appropriate `as` value and it is preloaded intentionally. @ https://suno.com/:0
[ 2077027ms] [WARNING] The resource https://cdn2.suno.ai/7326a60b-77ab-4fa5-a0a1-21264f09b1bc_b611dc96.jpeg?width=undefined was preloaded using link preload but not used within a few seconds from the window's load event. Please make sure it has an appropriate `as` value and it is preloaded intentionally. @ https://suno.com/:0
[ 2107525ms] [WARNING] The resource https://cdn2.suno.ai/7326a60b-77ab-4fa5-a0a1-21264f09b1bc_b611dc96.jpeg?width=undefined was preloaded using link preload but not used within a few seconds from the window's load event. Please make sure it has an appropriate `as` value and it is preloaded intentionally. @ https://suno.com/:0
[ 2113359ms] [WARNING] The resource https://cdn2.suno.ai/7326a60b-77ab-4fa5-a0a1-21264f09b1bc_b611dc96.jpeg?width=undefined was preloaded using link preload but not used within a few seconds from the window's load event. Please make sure it has an appropriate `as` value and it is preloaded intentionally. @ https://suno.com/:0
[ 2146479ms] [WARNING] The resource https://cdn2.suno.ai/7326a60b-77ab-4fa5-a0a1-21264f09b1bc_b611dc96.jpeg?width=undefined was preloaded using link preload but not used within a few seconds from the window's load event. Please make sure it has an appropriate `as` value and it is preloaded intentionally. @ https://suno.com/:0
[ 2176996ms] [WARNING] The resource https://cdn2.suno.ai/7326a60b-77ab-4fa5-a0a1-21264f09b1bc_b611dc96.jpeg?width=undefined was preloaded using link preload but not used within a few seconds from the window's load event. Please make sure it has an appropriate `as` value and it is preloaded intentionally. @ https://suno.com/:0
[ 2181111ms] [WARNING] The resource https://cdn2.suno.ai/7326a60b-77ab-4fa5-a0a1-21264f09b1bc_b611dc96.jpeg?width=undefined was preloaded using link preload but not used within a few seconds from the window's load event. Please make sure it has an appropriate `as` value and it is preloaded intentionally. @ https://suno.com/:0
[ 2211669ms] [WARNING] The resource https://cdn2.suno.ai/7326a60b-77ab-4fa5-a0a1-21264f09b1bc_b611dc96.jpeg?width=undefined was preloaded using link preload but not used within a few seconds from the window's load event. Please make sure it has an appropriate `as` value and it is preloaded intentionally. @ https://suno.com/:0
[ 2217525ms] [WARNING] The resource https://cdn2.suno.ai/7326a60b-77ab-4fa5-a0a1-21264f09b1bc_b611dc96.jpeg?width=undefined was preloaded using link preload but not used within a few seconds from the window's load event. Please make sure it has an appropriate `as` value and it is preloaded intentionally. @ https://suno.com/:0
[ 2250565ms] [WARNING] The resource https://cdn2.suno.ai/7326a60b-77ab-4fa5-a0a1-21264f09b1bc_b611dc96.jpeg?width=undefined was preloaded using link preload but not used within a few seconds from the window's load event. Please make sure it has an appropriate `as` value and it is preloaded intentionally. @ https://suno.com/:0
[ 2281071ms] [WARNING] The resource https://cdn2.suno.ai/7326a60b-77ab-4fa5-a0a1-21264f09b1bc_b611dc96.jpeg?width=undefined was preloaded using link preload but not used within a few seconds from the window's load event. Please make sure it has an appropriate `as` value and it is preloaded intentionally. @ https://suno.com/:0
[ 2285189ms] [WARNING] The resource https://cdn2.suno.ai/7326a60b-77ab-4fa5-a0a1-21264f09b1bc_b611dc96.jpeg?width=undefined was preloaded using link preload but not used within a few seconds from the window's load event. Please make sure it has an appropriate `as` value and it is preloaded intentionally. @ https://suno.com/:0
[ 2315643ms] [WARNING] The resource https://cdn2.suno.ai/7326a60b-77ab-4fa5-a0a1-21264f09b1bc_b611dc96.jpeg?width=undefined was preloaded using link preload but not used within a few seconds from the window's load event. Please make sure it has an appropriate `as` value and it is preloaded intentionally. @ https://suno.com/:0
[ 2321709ms] [WARNING] The resource https://cdn2.suno.ai/7326a60b-77ab-4fa5-a0a1-21264f09b1bc_b611dc96.jpeg?width=undefined was preloaded using link preload but not used within a few seconds from the window's load event. Please make sure it has an appropriate `as` value and it is preloaded intentionally. @ https://suno.com/:0
[ 2354403ms] [WARNING] The resource https://cdn2.suno.ai/7326a60b-77ab-4fa5-a0a1-21264f09b1bc_b611dc96.jpeg?width=undefined was preloaded using link preload but not used within a few seconds from the window's load event. Please make sure it has an appropriate `as` value and it is preloaded intentionally. @ https://suno.com/:0
[ 2384853ms] [WARNING] The resource https://cdn2.suno.ai/7326a60b-77ab-4fa5-a0a1-21264f09b1bc_b611dc96.jpeg?width=undefined was preloaded using link preload but not used within a few seconds from the window's load event. Please make sure it has an appropriate `as` value and it is preloaded intentionally. @ https://suno.com/:0
[ 2389622ms] [WARNING] The resource https://cdn2.suno.ai/7326a60b-77ab-4fa5-a0a1-21264f09b1bc_b611dc96.jpeg?width=undefined was preloaded using link preload but not used within a few seconds from the window's load event. Please make sure it has an appropriate `as` value and it is preloaded intentionally. @ https://suno.com/:0
[ 2420150ms] [WARNING] The resource https://cdn2.suno.ai/7326a60b-77ab-4fa5-a0a1-21264f09b1bc_b611dc96.jpeg?width=undefined was preloaded using link preload but not used within a few seconds from the window's load event. Please make sure it has an appropriate `as` value and it is preloaded intentionally. @ https://suno.com/:0
[ 2424744ms] [WARNING] The resource https://cdn2.suno.ai/7326a60b-77ab-4fa5-a0a1-21264f09b1bc_b611dc96.jpeg?width=undefined was preloaded using link preload but not used within a few seconds from the window's load event. Please make sure it has an appropriate `as` value and it is preloaded intentionally. @ https://suno.com/:0
[ 2457704ms] [WARNING] The resource https://cdn2.suno.ai/7326a60b-77ab-4fa5-a0a1-21264f09b1bc_b611dc96.jpeg?width=undefined was preloaded using link preload but not used within a few seconds from the window's load event. Please make sure it has an appropriate `as` value and it is preloaded intentionally. @ https://suno.com/:0
[ 2485398ms] [WARNING] The resource https://cdn2.suno.ai/7326a60b-77ab-4fa5-a0a1-21264f09b1bc_b611dc96.jpeg?width=undefined was preloaded using link preload but not used within a few seconds from the window's load event. Please make sure it has an appropriate `as` value and it is preloaded intentionally. @ https://suno.com/:0
[ 2492568ms] [WARNING] The resource https://cdn2.suno.ai/7326a60b-77ab-4fa5-a0a1-21264f09b1bc_b611dc96.jpeg?width=undefined was preloaded using link preload but not used within a few seconds from the window's load event. Please make sure it has an appropriate `as` value and it is preloaded intentionally. @ https://suno.com/:0
[ 2523890ms] [WARNING] The resource https://cdn2.suno.ai/7326a60b-77ab-4fa5-a0a1-21264f09b1bc_b611dc96.jpeg?width=undefined was preloaded using link preload but not used within a few seconds from the window's load event. Please make sure it has an appropriate `as` value and it is preloaded intentionally. @ https://suno.com/:0
[ 2528797ms] [WARNING] The resource https://cdn2.suno.ai/7326a60b-77ab-4fa5-a0a1-21264f09b1bc_b611dc96.jpeg?width=undefined was preloaded using link preload but not used within a few seconds from the window's load event. Please make sure it has an appropriate `as` value and it is preloaded intentionally. @ https://suno.com/:0
[ 2559280ms] [WARNING] The resource https://cdn2.suno.ai/7326a60b-77ab-4fa5-a0a1-21264f09b1bc_b611dc96.jpeg?width=undefined was preloaded using link preload but not used within a few seconds from the window's load event. Please make sure it has an appropriate `as` value and it is preloaded intentionally. @ https://suno.com/:0
[ 2562306ms] [WARNING] The resource https://cdn2.suno.ai/7326a60b-77ab-4fa5-a0a1-21264f09b1bc_b611dc96.jpeg?width=undefined was preloaded using link preload but not used within a few seconds from the window's load event. Please make sure it has an appropriate `as` value and it is preloaded intentionally. @ https://suno.com/:0
[ 2592779ms] [WARNING] The resource https://cdn2.suno.ai/7326a60b-77ab-4fa5-a0a1-21264f09b1bc_b611dc96.jpeg?width=undefined was preloaded using link preload but not used within a few seconds from the window's load event. Please make sure it has an appropriate `as` value and it is preloaded intentionally. @ https://suno.com/:0
[ 2596449ms] [WARNING] The resource https://cdn2.suno.ai/7326a60b-77ab-4fa5-a0a1-21264f09b1bc_b611dc96.jpeg?width=undefined was preloaded using link preload but not used within a few seconds from the window's load event. Please make sure it has an appropriate `as` value and it is preloaded intentionally. @ https://suno.com/:0
[ 2626925ms] [WARNING] The resource https://cdn2.suno.ai/7326a60b-77ab-4fa5-a0a1-21264f09b1bc_b611dc96.jpeg?width=undefined was preloaded using link preload but not used within a few seconds from the window's load event. Please make sure it has an appropriate `as` value and it is preloaded intentionally. @ https://suno.com/:0
[ 2632296ms] [WARNING] The resource https://cdn2.suno.ai/7326a60b-77ab-4fa5-a0a1-21264f09b1bc_b611dc96.jpeg?width=undefined was preloaded using link preload but not used within a few seconds from the window's load event. Please make sure it has an appropriate `as` value and it is preloaded intentionally. @ https://suno.com/:0
[ 2665332ms] [WARNING] The resource https://cdn2.suno.ai/7326a60b-77ab-4fa5-a0a1-21264f09b1bc_b611dc96.jpeg?width=undefined was preloaded using link preload but not used within a few seconds from the window's load event. Please make sure it has an appropriate `as` value and it is preloaded intentionally. @ https://suno.com/:0
